2025-08-06 13:40:30,408 - services.data_service - INFO - 🚀 Initializing Continuous Data Service...
2025-08-06 13:40:30,408 - services.data_service - INFO - 🔌 Connecting to MongoDB...
2025-08-06 13:40:33,496 - services.data_service - INFO - ✅ MongoDB connected successfully
2025-08-06 13:40:33,496 - services.data_service - INFO - 📊 Configured trading pairs: ['EURUSD', 'GBPUSD', 'USDJPY', 'AUDUSD', 'USDCAD']
2025-08-06 13:40:51,002 - services.data_service - INFO - 🛑 Received signal 2. Initiating graceful shutdown...
2025-08-06 13:40:51,760 - services.data_service - INFO - 🛑 Received signal 15. Initiating graceful shutdown...
2025-08-06 14:05:30,982 - services.data_service - INFO - 🚀 Initializing Continuous Data Service...
2025-08-06 14:05:30,982 - services.data_service - INFO - 🔌 Connecting to MongoDB...
2025-08-06 14:05:36,049 - services.data_service - INFO - ✅ MongoDB connected successfully
2025-08-06 14:05:36,049 - services.data_service - INFO - 📊 Configured trading pairs: ['EURUSD', 'GBPUSD', 'USDJPY', 'AUDUSD', 'USDCAD']
2025-08-06 14:05:36,072 - services.data_service - INFO - 🔄 Starting continuous data collection...
2025-08-06 14:05:36,072 - services.data_service - INFO - 🔌 Connecting to PyQuotex (attempt 1/5)...
2025-08-06 14:05:40,283 - services.data_service - INFO - 🚀 Initializing Continuous Data Service...
2025-08-06 14:05:40,283 - services.data_service - INFO - 🔌 Connecting to MongoDB...
2025-08-06 14:05:43,785 - services.data_service - INFO - ✅ MongoDB connected successfully
2025-08-06 14:05:43,786 - services.data_service - INFO - 📊 Configured trading pairs: ['EURUSD', 'GBPUSD', 'USDJPY', 'AUDUSD', 'USDCAD']
2025-08-06 14:05:44,683 - services.data_service - INFO - ✅ Connected to PyQuotex successfully
2025-08-06 14:05:44,684 - services.data_service - INFO - 📊 Starting data collection cycle...
2025-08-06 14:05:54,531 - services.data_service - INFO - ✅ Collection successful: 5 candles collected
2025-08-06 14:05:54,531 - services.data_service - INFO -   📈 EURUSD OTC: down | O:1.15779 C:1.15765 | Change: -0.00014
2025-08-06 14:05:54,532 - services.data_service - INFO -   📈 GBPUSD OTC: down | O:1.32872 C:1.32868 | Change: -0.00004
2025-08-06 14:05:54,532 - services.data_service - INFO -   📈 USDJPY OTC: down | O:147.84000 C:147.82900 | Change: -0.01100
2025-08-06 14:05:54,532 - services.data_service - INFO -   📈 AUDUSD OTC: down | O:0.64924 C:0.64919 | Change: -0.00005
2025-08-06 14:05:54,532 - services.data_service - INFO -   📈 USDCAD OTC: up | O:1.37677 C:1.37685 | Change: +0.00008
2025-08-06 14:05:55,077 - services.data_service - INFO - 📊 Database: 208 total candles
2025-08-06 14:05:55,077 - services.data_service - INFO - ⏳ Next collection in 49.6s...
2025-08-06 14:06:44,695 - services.data_service - INFO - 📊 Starting data collection cycle...
2025-08-06 14:06:55,517 - services.data_service - INFO - ✅ Collection successful: 5 candles collected
2025-08-06 14:06:55,518 - services.data_service - INFO -   📈 EURUSD OTC: down | O:1.15766 C:1.15762 | Change: -0.00004
2025-08-06 14:06:55,518 - services.data_service - INFO -   📈 GBPUSD OTC: down | O:1.32868 C:1.32855 | Change: -0.00013
2025-08-06 14:06:55,518 - services.data_service - INFO -   📈 USDJPY OTC: up | O:147.83100 C:147.85300 | Change: +0.02200
2025-08-06 14:06:55,518 - services.data_service - INFO -   📈 AUDUSD OTC: down | O:0.64919 C:0.64915 | Change: -0.00004
2025-08-06 14:06:55,519 - services.data_service - INFO -   📈 USDCAD OTC: up | O:1.37685 C:1.37687 | Change: +0.00002
2025-08-06 14:06:56,080 - services.data_service - INFO - 📊 Database: 213 total candles
2025-08-06 14:06:56,080 - services.data_service - INFO - ⏳ Next collection in 48.6s...
2025-08-06 14:07:44,705 - services.data_service - INFO - 📊 Starting data collection cycle...
2025-08-06 14:07:56,375 - services.data_service - INFO - ✅ Collection successful: 5 candles collected
2025-08-06 14:07:56,375 - services.data_service - INFO -   📈 EURUSD OTC: down | O:1.15762 C:1.15756 | Change: -0.00006
2025-08-06 14:07:56,375 - services.data_service - INFO -   📈 GBPUSD OTC: down | O:1.32855 C:1.32842 | Change: -0.00013
2025-08-06 14:07:56,375 - services.data_service - INFO -   📈 USDJPY OTC: up | O:147.85300 C:147.85800 | Change: +0.00500
2025-08-06 14:07:56,375 - services.data_service - INFO -   📈 AUDUSD OTC: down | O:0.64915 C:0.64912 | Change: -0.00003
2025-08-06 14:07:56,376 - services.data_service - INFO -   📈 USDCAD OTC: up | O:1.37687 C:1.37689 | Change: +0.00002
2025-08-06 14:07:56,936 - services.data_service - INFO - 📊 Database: 218 total candles
2025-08-06 14:07:56,937 - services.data_service - INFO - ⏳ Next collection in 47.8s...
2025-08-06 14:08:44,715 - services.data_service - INFO - 📊 Starting data collection cycle...
2025-08-06 14:08:54,506 - services.data_service - INFO - ✅ Collection successful: 5 candles collected
2025-08-06 14:08:54,506 - services.data_service - INFO -   📈 EURUSD OTC: up | O:1.15756 C:1.15767 | Change: +0.00011
2025-08-06 14:08:54,506 - services.data_service - INFO -   📈 GBPUSD OTC: up | O:1.32842 C:1.32852 | Change: +0.00010
2025-08-06 14:08:54,506 - services.data_service - INFO -   📈 USDJPY OTC: down | O:147.85800 C:147.85100 | Change: -0.00700
2025-08-06 14:08:54,506 - services.data_service - INFO -   📈 AUDUSD OTC: up | O:0.64912 C:0.64913 | Change: +0.00001
2025-08-06 14:08:54,506 - services.data_service - INFO -   📈 USDCAD OTC: down | O:1.37689 C:1.37683 | Change: -0.00006
2025-08-06 14:08:55,069 - services.data_service - INFO - 📊 Database: 223 total candles
2025-08-06 14:08:55,069 - services.data_service - INFO - ⏳ Next collection in 49.6s...
2025-08-06 14:09:44,729 - services.data_service - INFO - 📊 Starting data collection cycle...
2025-08-06 14:09:54,182 - services.data_service - INFO - ✅ Collection successful: 5 candles collected
2025-08-06 14:09:54,183 - services.data_service - INFO -   📈 EURUSD OTC: up | O:1.15767 C:1.15774 | Change: +0.00007
2025-08-06 14:09:54,183 - services.data_service - INFO -   📈 GBPUSD OTC: down | O:1.32852 C:1.32851 | Change: -0.00001
2025-08-06 14:09:54,183 - services.data_service - INFO -   📈 USDJPY OTC: down | O:147.85100 C:147.85100 | Change: +0.00000
2025-08-06 14:09:54,183 - services.data_service - INFO -   📈 AUDUSD OTC: up | O:0.64913 C:0.64918 | Change: +0.00005
2025-08-06 14:09:54,184 - services.data_service - INFO -   📈 USDCAD OTC: down | O:1.37683 C:1.37680 | Change: -0.00003
2025-08-06 14:09:54,754 - services.data_service - INFO - 📊 Database: 228 total candles
2025-08-06 14:09:54,754 - services.data_service - INFO - ⏳ Next collection in 50.0s...
2025-08-06 14:10:44,740 - services.data_service - INFO - 📊 Starting data collection cycle...
2025-08-06 14:10:58,400 - services.data_service - INFO - ✅ Collection successful: 5 candles collected
2025-08-06 14:10:58,400 - services.data_service - INFO -   📈 EURUSD OTC: down | O:1.15774 C:1.15765 | Change: -0.00009
2025-08-06 14:10:58,400 - services.data_service - INFO -   📈 GBPUSD OTC: down | O:1.32851 C:1.32848 | Change: -0.00003
2025-08-06 14:10:58,400 - services.data_service - INFO -   📈 USDJPY OTC: up | O:147.85100 C:147.86100 | Change: +0.01000
2025-08-06 14:10:58,400 - services.data_service - INFO -   📈 AUDUSD OTC: down | O:0.64918 C:0.64914 | Change: -0.00004
2025-08-06 14:10:58,400 - services.data_service - INFO -   📈 USDCAD OTC: up | O:1.37680 C:1.37688 | Change: +0.00008
2025-08-06 14:10:58,942 - services.data_service - INFO - 📊 Database: 233 total candles
2025-08-06 14:10:58,942 - services.data_service - INFO - ⏳ Next collection in 45.8s...
2025-08-06 14:11:44,749 - services.data_service - INFO - 📊 Starting data collection cycle...
2025-08-06 14:11:54,305 - services.data_service - INFO - ✅ Collection successful: 5 candles collected
2025-08-06 14:11:54,306 - services.data_service - INFO -   📈 EURUSD OTC: down | O:1.15765 C:1.15760 | Change: -0.00005
2025-08-06 14:11:54,306 - services.data_service - INFO -   📈 GBPUSD OTC: down | O:1.32848 C:1.32842 | Change: -0.00006
2025-08-06 14:11:54,306 - services.data_service - INFO -   📈 USDJPY OTC: up | O:147.86100 C:147.87300 | Change: +0.01200
2025-08-06 14:11:54,306 - services.data_service - INFO -   📈 AUDUSD OTC: down | O:0.64914 C:0.64909 | Change: -0.00005
2025-08-06 14:11:54,307 - services.data_service - INFO -   📈 USDCAD OTC: up | O:1.37688 C:1.37696 | Change: +0.00008
2025-08-06 14:11:54,852 - services.data_service - INFO - 📊 Database: 238 total candles
2025-08-06 14:11:54,852 - services.data_service - INFO - ⏳ Next collection in 49.9s...
2025-08-06 14:12:44,761 - services.data_service - INFO - 📊 Starting data collection cycle...
2025-08-06 14:12:56,244 - services.data_service - INFO - ✅ Collection successful: 5 candles collected
2025-08-06 14:12:56,245 - services.data_service - INFO -   📈 EURUSD OTC: up | O:1.15760 C:1.15775 | Change: +0.00015
2025-08-06 14:12:56,245 - services.data_service - INFO -   📈 GBPUSD OTC: up | O:1.32842 C:1.32849 | Change: +0.00007
2025-08-06 14:12:56,245 - services.data_service - INFO -   📈 USDJPY OTC: down | O:147.87300 C:147.84800 | Change: -0.02500
2025-08-06 14:12:56,245 - services.data_service - INFO -   📈 AUDUSD OTC: up | O:0.64909 C:0.64910 | Change: +0.00001
2025-08-06 14:12:56,245 - services.data_service - INFO -   📈 USDCAD OTC: down | O:1.37696 C:1.37689 | Change: -0.00007
2025-08-06 14:12:59,907 - services.data_service - INFO - 📊 Database: 243 total candles
2025-08-06 14:12:59,908 - services.data_service - INFO - ⏳ Next collection in 44.9s...
2025-08-06 14:13:44,772 - services.data_service - INFO - 📊 Starting data collection cycle...
2025-08-06 14:13:55,159 - services.data_service - INFO - ✅ Collection successful: 5 candles collected
2025-08-06 14:13:55,159 - services.data_service - INFO -   📈 EURUSD OTC: down | O:1.15775 C:1.15773 | Change: -0.00002
2025-08-06 14:13:55,159 - services.data_service - INFO -   📈 GBPUSD OTC: down | O:1.32849 C:1.32849 | Change: +0.00000
2025-08-06 14:13:55,160 - services.data_service - INFO -   📈 USDJPY OTC: up | O:147.84800 C:147.85500 | Change: +0.00700
2025-08-06 14:13:55,160 - services.data_service - INFO -   📈 AUDUSD OTC: up | O:0.64910 C:0.64914 | Change: +0.00004
2025-08-06 14:13:55,160 - services.data_service - INFO -   📈 USDCAD OTC: down | O:1.37689 C:1.37688 | Change: -0.00001
2025-08-06 14:13:58,615 - services.data_service - INFO - 📊 Database: 248 total candles
2025-08-06 14:13:58,615 - services.data_service - INFO - ⏳ Next collection in 46.2s...
2025-08-06 14:14:44,784 - services.data_service - INFO - 📊 Starting data collection cycle...
2025-08-06 14:14:54,553 - services.data_service - INFO - ✅ Collection successful: 5 candles collected
2025-08-06 14:14:54,553 - services.data_service - INFO -   📈 EURUSD OTC: up | O:1.15773 C:1.15792 | Change: +0.00019
2025-08-06 14:14:54,553 - services.data_service - INFO -   📈 GBPUSD OTC: up | O:1.32849 C:1.32868 | Change: +0.00019
2025-08-06 14:14:54,554 - services.data_service - INFO -   📈 USDJPY OTC: down | O:147.85500 C:147.82700 | Change: -0.02800
2025-08-06 14:14:54,554 - services.data_service - INFO -   📈 AUDUSD OTC: up | O:0.64914 C:0.64919 | Change: +0.00005
2025-08-06 14:14:54,554 - services.data_service - INFO -   📈 USDCAD OTC: down | O:1.37688 C:1.37688 | Change: +0.00000
2025-08-06 14:14:55,139 - services.data_service - INFO - 📊 Database: 253 total candles
2025-08-06 14:14:55,139 - services.data_service - INFO - 📊 Service Statistics:
2025-08-06 14:14:55,140 - services.data_service - INFO -   🕐 Uptime: 0.16 hours
2025-08-06 14:14:55,140 - services.data_service - INFO -   📈 Collections: 10 total, 10 successful
2025-08-06 14:14:55,140 - services.data_service - INFO -   ✅ Success rate: 100.0%
2025-08-06 14:14:55,140 - services.data_service - INFO -   🔄 Reconnections: 0
2025-08-06 14:14:55,140 - services.data_service - INFO -   ⏰ Last collection: 0.0 minutes ago
2025-08-06 14:14:55,140 - services.data_service - INFO - ⏳ Next collection in 49.6s...
2025-08-06 14:15:44,794 - services.data_service - INFO - 📊 Starting data collection cycle...
2025-08-06 14:15:54,483 - services.data_service - INFO - ✅ Collection successful: 5 candles collected
2025-08-06 14:15:54,484 - services.data_service - INFO -   📈 EURUSD OTC: down | O:1.15792 C:1.15792 | Change: +0.00000
2025-08-06 14:15:54,484 - services.data_service - INFO -   📈 GBPUSD OTC: up | O:1.32868 C:1.32872 | Change: +0.00004
2025-08-06 14:15:54,484 - services.data_service - INFO -   📈 USDJPY OTC: down | O:147.82700 C:147.81400 | Change: -0.01300
2025-08-06 14:15:54,484 - services.data_service - INFO -   📈 AUDUSD OTC: up | O:0.64919 C:0.64924 | Change: +0.00005
2025-08-06 14:15:54,484 - services.data_service - INFO -   📈 USDCAD OTC: down | O:1.37688 C:1.37681 | Change: -0.00007
2025-08-06 14:15:55,710 - services.data_service - INFO - 📊 Database: 258 total candles
2025-08-06 14:15:55,711 - services.data_service - INFO - ⏳ Next collection in 49.1s...
2025-08-06 14:16:44,802 - services.data_service - INFO - 📊 Starting data collection cycle...
2025-08-06 14:16:58,716 - services.data_service - INFO - ✅ Collection successful: 5 candles collected
2025-08-06 14:16:58,717 - services.data_service - INFO -   📈 EURUSD OTC: up | O:1.15792 C:1.15804 | Change: +0.00012
2025-08-06 14:16:58,717 - services.data_service - INFO -   📈 GBPUSD OTC: up | O:1.32872 C:1.32882 | Change: +0.00010
2025-08-06 14:16:58,718 - services.data_service - INFO -   📈 USDJPY OTC: down | O:147.81400 C:147.80500 | Change: -0.00900
2025-08-06 14:16:58,718 - services.data_service - INFO -   📈 AUDUSD OTC: up | O:0.64924 C:0.64930 | Change: +0.00006
2025-08-06 14:16:58,718 - services.data_service - INFO -   📈 USDCAD OTC: down | O:1.37681 C:1.37677 | Change: -0.00004
2025-08-06 14:16:59,264 - services.data_service - INFO - 📊 Database: 263 total candles
2025-08-06 14:16:59,264 - services.data_service - INFO - ⏳ Next collection in 45.5s...
2025-08-06 14:17:44,813 - services.data_service - INFO - 📊 Starting data collection cycle...
2025-08-06 14:17:54,484 - services.data_service - INFO - ✅ Collection successful: 5 candles collected
2025-08-06 14:17:54,485 - services.data_service - INFO -   📈 EURUSD OTC: up | O:1.15804 C:1.15806 | Change: +0.00002
2025-08-06 14:17:54,485 - services.data_service - INFO -   📈 GBPUSD OTC: down | O:1.32882 C:1.32879 | Change: -0.00003
2025-08-06 14:17:54,485 - services.data_service - INFO -   📈 USDJPY OTC: down | O:147.80500 C:147.77200 | Change: -0.03300
2025-08-06 14:17:54,485 - services.data_service - INFO -   📈 AUDUSD OTC: up | O:0.64930 C:0.64938 | Change: +0.00008
2025-08-06 14:17:54,485 - services.data_service - INFO -   📈 USDCAD OTC: down | O:1.37677 C:1.37667 | Change: -0.00010
2025-08-06 14:17:55,036 - services.data_service - INFO - 📊 Database: 268 total candles
2025-08-06 14:17:55,036 - services.data_service - INFO - ⏳ Next collection in 49.8s...
2025-08-06 14:18:01,113 - services.data_service - INFO - 🛑 Received signal 2. Initiating graceful shutdown...
2025-08-06 14:18:01,113 - services.data_service - INFO - 🛑 Received signal 2. Initiating graceful shutdown...
2025-08-06 14:18:05,039 - services.data_service - INFO - 🛑 Shutting down Continuous Data Service...
2025-08-06 14:18:07,022 - services.data_service - INFO - 📊 Service Statistics:
2025-08-06 14:18:07,023 - services.data_service - INFO -   🕐 Uptime: 0.21 hours
2025-08-06 14:18:07,023 - services.data_service - INFO -   📈 Collections: 13 total, 13 successful
2025-08-06 14:18:07,023 - services.data_service - INFO -   ✅ Success rate: 100.0%
2025-08-06 14:18:07,023 - services.data_service - INFO -   🔄 Reconnections: 0
2025-08-06 14:18:07,024 - services.data_service - INFO -   ⏰ Last collection: 0.2 minutes ago
2025-08-06 14:18:07,024 - services.data_service - INFO - ✅ Service shutdown complete
2025-08-06 14:18:10,024 - services.data_service - INFO - 🛑 Received signal 2. Initiating graceful shutdown...
2025-08-06 14:18:10,024 - services.data_service - INFO - 🛑 Received signal 2. Initiating graceful shutdown...
2025-08-06 14:18:15,485 - services.data_service - INFO - 🛑 Received signal 2. Initiating graceful shutdown...
2025-08-06 14:18:15,485 - services.data_service - INFO - 🛑 Received signal 2. Initiating graceful shutdown...
2025-08-06 14:18:16,022 - services.data_service - INFO - 🛑 Received signal 2. Initiating graceful shutdown...
2025-08-06 14:18:16,022 - services.data_service - INFO - 🛑 Received signal 2. Initiating graceful shutdown...
2025-08-06 14:18:16,247 - services.data_service - INFO - 🛑 Received signal 2. Initiating graceful shutdown...
2025-08-06 14:18:16,247 - services.data_service - INFO - 🛑 Received signal 2. Initiating graceful shutdown...
2025-08-06 14:18:16,432 - services.data_service - INFO - 🛑 Received signal 2. Initiating graceful shutdown...
2025-08-06 14:18:16,432 - services.data_service - INFO - 🛑 Received signal 2. Initiating graceful shutdown...
2025-08-06 14:18:16,620 - services.data_service - INFO - 🛑 Received signal 2. Initiating graceful shutdown...
2025-08-06 14:18:16,620 - services.data_service - INFO - 🛑 Received signal 2. Initiating graceful shutdown...
2025-08-06 14:18:16,816 - services.data_service - INFO - 🛑 Received signal 2. Initiating graceful shutdown...
2025-08-06 14:18:16,816 - services.data_service - INFO - 🛑 Received signal 2. Initiating graceful shutdown...
2025-08-06 14:18:17,004 - services.data_service - INFO - 🛑 Received signal 2. Initiating graceful shutdown...
2025-08-06 14:18:17,004 - services.data_service - INFO - 🛑 Received signal 2. Initiating graceful shutdown...
2025-08-06 14:18:24,793 - services.data_service - INFO - 🛑 Received signal 2. Initiating graceful shutdown...
2025-08-06 14:18:24,793 - services.data_service - INFO - 🛑 Received signal 2. Initiating graceful shutdown...
2025-08-06 14:18:34,314 - services.data_service - INFO - 🛑 Received signal 2. Initiating graceful shutdown...
2025-08-06 14:18:34,314 - services.data_service - INFO - 🛑 Received signal 2. Initiating graceful shutdown...
2025-08-06 14:18:40,086 - services.data_service - INFO - 🛑 Received signal 2. Initiating graceful shutdown...
2025-08-06 14:18:40,086 - services.data_service - INFO - 🛑 Received signal 2. Initiating graceful shutdown...
2025-08-06 14:18:40,863 - services.data_service - INFO - 🛑 Received signal 2. Initiating graceful shutdown...
2025-08-06 14:18:40,863 - services.data_service - INFO - 🛑 Received signal 2. Initiating graceful shutdown...
2025-08-06 14:18:41,106 - services.data_service - INFO - 🛑 Received signal 2. Initiating graceful shutdown...
2025-08-06 14:18:41,106 - services.data_service - INFO - 🛑 Received signal 2. Initiating graceful shutdown...
2025-08-06 14:18:41,281 - services.data_service - INFO - 🛑 Received signal 2. Initiating graceful shutdown...
2025-08-06 14:18:41,281 - services.data_service - INFO - 🛑 Received signal 2. Initiating graceful shutdown...
2025-08-06 14:18:41,479 - services.data_service - INFO - 🛑 Received signal 2. Initiating graceful shutdown...
2025-08-06 14:18:41,479 - services.data_service - INFO - 🛑 Received signal 2. Initiating graceful shutdown...
2025-08-06 14:18:41,663 - services.data_service - INFO - 🛑 Received signal 2. Initiating graceful shutdown...
2025-08-06 14:18:41,663 - services.data_service - INFO - 🛑 Received signal 2. Initiating graceful shutdown...
2025-08-06 14:18:42,160 - services.data_service - INFO - 🛑 Received signal 2. Initiating graceful shutdown...
2025-08-06 14:18:42,160 - services.data_service - INFO - 🛑 Received signal 2. Initiating graceful shutdown...
2025-08-06 14:18:42,243 - services.data_service - INFO - 🛑 Received signal 2. Initiating graceful shutdown...
2025-08-06 14:18:42,243 - services.data_service - INFO - 🛑 Received signal 2. Initiating graceful shutdown...
2025-08-06 14:18:42,331 - services.data_service - INFO - 🛑 Received signal 2. Initiating graceful shutdown...
2025-08-06 14:18:42,331 - services.data_service - INFO - 🛑 Received signal 2. Initiating graceful shutdown...
2025-08-06 14:18:42,411 - services.data_service - INFO - 🛑 Received signal 2. Initiating graceful shutdown...
2025-08-06 14:18:42,411 - services.data_service - INFO - 🛑 Received signal 2. Initiating graceful shutdown...
2025-08-06 14:18:42,498 - services.data_service - INFO - 🛑 Received signal 2. Initiating graceful shutdown...
2025-08-06 14:18:42,498 - services.data_service - INFO - 🛑 Received signal 2. Initiating graceful shutdown...
2025-08-06 14:18:42,579 - services.data_service - INFO - 🛑 Received signal 2. Initiating graceful shutdown...
2025-08-06 14:18:42,579 - services.data_service - INFO - 🛑 Received signal 2. Initiating graceful shutdown...
2025-08-06 14:18:42,667 - services.data_service - INFO - 🛑 Received signal 2. Initiating graceful shutdown...
2025-08-06 14:18:42,667 - services.data_service - INFO - 🛑 Received signal 2. Initiating graceful shutdown...
2025-08-06 14:18:42,751 - services.data_service - INFO - 🛑 Received signal 2. Initiating graceful shutdown...
2025-08-06 14:18:42,751 - services.data_service - INFO - 🛑 Received signal 2. Initiating graceful shutdown...
2025-08-06 14:18:42,829 - services.data_service - INFO - 🛑 Received signal 2. Initiating graceful shutdown...
2025-08-06 14:18:42,829 - services.data_service - INFO - 🛑 Received signal 2. Initiating graceful shutdown...
2025-08-06 14:18:42,914 - services.data_service - INFO - 🛑 Received signal 2. Initiating graceful shutdown...
2025-08-06 14:18:42,914 - services.data_service - INFO - 🛑 Received signal 2. Initiating graceful shutdown...
2025-08-06 14:18:42,999 - services.data_service - INFO - 🛑 Received signal 2. Initiating graceful shutdown...
2025-08-06 14:18:42,999 - services.data_service - INFO - 🛑 Received signal 2. Initiating graceful shutdown...
2025-08-06 14:18:43,081 - services.data_service - INFO - 🛑 Received signal 2. Initiating graceful shutdown...
2025-08-06 14:18:43,081 - services.data_service - INFO - 🛑 Received signal 2. Initiating graceful shutdown...
2025-08-06 14:18:43,165 - services.data_service - INFO - 🛑 Received signal 2. Initiating graceful shutdown...
2025-08-06 14:18:43,165 - services.data_service - INFO - 🛑 Received signal 2. Initiating graceful shutdown...
2025-08-06 14:18:43,252 - services.data_service - INFO - 🛑 Received signal 2. Initiating graceful shutdown...
2025-08-06 14:18:43,252 - services.data_service - INFO - 🛑 Received signal 2. Initiating graceful shutdown...
2025-08-06 14:18:43,333 - services.data_service - INFO - 🛑 Received signal 2. Initiating graceful shutdown...
2025-08-06 14:18:43,333 - services.data_service - INFO - 🛑 Received signal 2. Initiating graceful shutdown...
2025-08-06 14:18:43,417 - services.data_service - INFO - 🛑 Received signal 2. Initiating graceful shutdown...
2025-08-06 14:18:43,417 - services.data_service - INFO - 🛑 Received signal 2. Initiating graceful shutdown...
2025-08-06 14:18:43,499 - services.data_service - INFO - 🛑 Received signal 2. Initiating graceful shutdown...
2025-08-06 14:18:43,499 - services.data_service - INFO - 🛑 Received signal 2. Initiating graceful shutdown...
2025-08-06 14:18:43,581 - services.data_service - INFO - 🛑 Received signal 2. Initiating graceful shutdown...
2025-08-06 14:18:43,581 - services.data_service - INFO - 🛑 Received signal 2. Initiating graceful shutdown...
2025-08-06 14:19:07,284 - services.data_service - INFO - 🛑 Received signal 2. Initiating graceful shutdown...
2025-08-06 14:19:07,284 - services.data_service - INFO - 🛑 Received signal 2. Initiating graceful shutdown...
2025-08-06 14:19:09,075 - services.data_service - INFO - 🛑 Received signal 2. Initiating graceful shutdown...
2025-08-06 14:19:09,075 - services.data_service - INFO - 🛑 Received signal 2. Initiating graceful shutdown...
2025-08-06 14:19:10,213 - services.data_service - INFO - 🛑 Received signal 2. Initiating graceful shutdown...
2025-08-06 14:19:10,213 - services.data_service - INFO - 🛑 Received signal 2. Initiating graceful shutdown...
2025-08-06 14:19:15,560 - services.data_service - INFO - 🛑 Received signal 2. Initiating graceful shutdown...
2025-08-06 14:19:15,560 - services.data_service - INFO - 🛑 Received signal 2. Initiating graceful shutdown...
2025-08-06 14:19:18,792 - services.data_service - INFO - 🛑 Received signal 2. Initiating graceful shutdown...
2025-08-06 14:19:18,792 - services.data_service - INFO - 🛑 Received signal 2. Initiating graceful shutdown...
2025-08-06 15:01:21,991 - services.data_service - INFO - 🚀 Initializing Continuous Data Service...
2025-08-06 15:01:21,993 - services.data_service - INFO - 🔌 Connecting to MongoDB...
2025-08-06 15:01:27,797 - services.data_service - INFO - ✅ MongoDB connected successfully
2025-08-06 15:01:27,797 - services.data_service - INFO - 📊 Configured trading pairs: ['EURUSD', 'GBPUSD', 'USDJPY', 'AUDUSD', 'USDCAD']
2025-08-06 15:04:39,614 - services.data_service - INFO - 🚀 Initializing Continuous Data Service...
2025-08-06 15:04:39,615 - services.data_service - INFO - 🔌 Connecting to MongoDB...
2025-08-06 15:04:42,695 - services.data_service - INFO - ✅ MongoDB connected successfully
2025-08-06 15:04:42,695 - services.data_service - INFO - 📊 Configured trading pairs: ['EURUSD', 'GBPUSD', 'USDJPY', 'AUDUSD', 'USDCAD']
2025-08-06 15:05:17,969 - services.data_service - INFO - 🛑 Received signal 2. Initiating graceful shutdown...
2025-08-06 15:05:18,700 - services.data_service - INFO - 🛑 Received signal 15. Initiating graceful shutdown...
2025-08-06 15:05:42,516 - services.data_service - INFO - 🚀 Initializing Continuous Data Service...
2025-08-06 15:05:42,517 - services.data_service - INFO - 🔌 Connecting to MongoDB...
2025-08-06 15:05:45,431 - services.data_service - INFO - ✅ MongoDB connected successfully
2025-08-06 15:05:45,431 - services.data_service - INFO - 📊 Configured trading pairs: ['EURUSD', 'GBPUSD', 'USDJPY', 'AUDUSD', 'USDCAD']
2025-08-06 15:05:52,986 - services.data_service - INFO - 🚀 Initializing Continuous Data Service...
2025-08-06 15:05:52,986 - services.data_service - INFO - 🔌 Connecting to MongoDB...
2025-08-06 15:05:56,010 - services.data_service - INFO - ✅ MongoDB connected successfully
2025-08-06 15:05:56,010 - services.data_service - INFO - 📊 Configured trading pairs: ['EURUSD', 'GBPUSD', 'USDJPY', 'AUDUSD', 'USDCAD']
2025-08-06 15:05:56,027 - services.data_service - INFO - 🔄 Starting continuous data collection...
2025-08-06 15:05:56,028 - services.data_service - INFO - 🔌 Connecting to PyQuotex (attempt 1/5)...
2025-08-06 15:06:00,723 - services.data_service - INFO - 🚀 Initializing Continuous Data Service...
2025-08-06 15:06:00,723 - services.data_service - INFO - 🔌 Connecting to MongoDB...
2025-08-06 15:06:04,010 - services.data_service - INFO - ✅ MongoDB connected successfully
2025-08-06 15:06:04,010 - services.data_service - INFO - 📊 Configured trading pairs: ['EURUSD', 'GBPUSD', 'USDJPY', 'AUDUSD', 'USDCAD']
2025-08-06 15:06:05,584 - services.data_service - INFO - ✅ Connected to PyQuotex successfully
2025-08-06 15:06:05,584 - services.data_service - INFO - 📊 Starting data collection cycle...
2025-08-06 15:06:15,688 - services.data_service - INFO - ✅ Collection successful: 5 candles collected
2025-08-06 15:06:15,689 - services.data_service - INFO -   📈 EURUSD OTC: up | O:1.15875 C:1.15877 | Change: +0.00002
2025-08-06 15:06:15,689 - services.data_service - INFO -   📈 GBPUSD OTC: up | O:1.32997 C:1.33004 | Change: +0.00007
2025-08-06 15:06:15,689 - services.data_service - INFO -   📈 USDJPY OTC: down | O:147.81700 C:147.80800 | Change: -0.00900
2025-08-06 15:06:15,689 - services.data_service - INFO -   📈 AUDUSD OTC: up | O:0.64924 C:0.64925 | Change: +0.00001
2025-08-06 15:06:15,689 - services.data_service - INFO -   📈 USDCAD OTC: down | O:1.37681 C:1.37670 | Change: -0.00011
2025-08-06 15:06:16,564 - services.data_service - INFO - 📊 Database: 273 total candles
2025-08-06 15:06:16,564 - services.data_service - INFO - ⏳ Next collection in 49.0s...
2025-08-06 15:07:05,593 - services.data_service - INFO - 📊 Starting data collection cycle...
2025-08-06 15:07:15,825 - services.data_service - INFO - ✅ Collection successful: 5 candles collected
2025-08-06 15:07:15,826 - services.data_service - INFO -   📈 EURUSD OTC: down | O:1.15877 C:1.15860 | Change: -0.00017
2025-08-06 15:07:15,826 - services.data_service - INFO -   📈 GBPUSD OTC: down | O:1.33004 C:1.32980 | Change: -0.00024
2025-08-06 15:07:15,826 - services.data_service - INFO -   📈 USDJPY OTC: up | O:147.80800 C:147.83600 | Change: +0.02800
2025-08-06 15:07:15,826 - services.data_service - INFO -   📈 AUDUSD OTC: down | O:0.64925 C:0.64916 | Change: -0.00009
2025-08-06 15:07:15,826 - services.data_service - INFO -   📈 USDCAD OTC: up | O:1.37670 C:1.37677 | Change: +0.00007
2025-08-06 15:07:16,341 - services.data_service - INFO - 📊 Database: 278 total candles
2025-08-06 15:07:16,341 - services.data_service - INFO - ⏳ Next collection in 49.3s...
2025-08-06 15:08:05,604 - services.data_service - INFO - 📊 Starting data collection cycle...
2025-08-06 15:08:15,136 - services.data_service - INFO - ✅ Collection successful: 5 candles collected
2025-08-06 15:08:15,136 - services.data_service - INFO -   📈 EURUSD OTC: up | O:1.15860 C:1.15867 | Change: +0.00007
2025-08-06 15:08:15,136 - services.data_service - INFO -   📈 GBPUSD OTC: up | O:1.32980 C:1.32990 | Change: +0.00010
2025-08-06 15:08:15,136 - services.data_service - INFO -   📈 USDJPY OTC: down | O:147.83600 C:147.83400 | Change: -0.00200
2025-08-06 15:08:15,136 - services.data_service - INFO -   📈 AUDUSD OTC: down | O:0.64916 C:0.64916 | Change: +0.00000
2025-08-06 15:08:15,136 - services.data_service - INFO -   📈 USDCAD OTC: down | O:1.37676 C:1.37675 | Change: -0.00001
2025-08-06 15:08:15,637 - services.data_service - INFO - 📊 Database: 283 total candles
2025-08-06 15:08:15,637 - services.data_service - INFO - ⏳ Next collection in 50.0s...
2025-08-06 15:09:05,614 - services.data_service - INFO - 📊 Starting data collection cycle...
2025-08-06 15:09:17,298 - services.data_service - INFO - ✅ Collection successful: 5 candles collected
2025-08-06 15:09:17,298 - services.data_service - INFO -   📈 EURUSD OTC: up | O:1.15867 C:1.15929 | Change: +0.00062
2025-08-06 15:09:17,298 - services.data_service - INFO -   📈 GBPUSD OTC: up | O:1.32990 C:1.33021 | Change: +0.00031
2025-08-06 15:09:17,299 - services.data_service - INFO -   📈 USDJPY OTC: down | O:147.83400 C:147.79600 | Change: -0.03800
2025-08-06 15:09:17,299 - services.data_service - INFO -   📈 AUDUSD OTC: up | O:0.64916 C:0.64934 | Change: +0.00018
2025-08-06 15:09:17,299 - services.data_service - INFO -   📈 USDCAD OTC: down | O:1.37675 C:1.37654 | Change: -0.00021
2025-08-06 15:09:17,864 - services.data_service - INFO - 📊 Database: 288 total candles
2025-08-06 15:09:17,865 - services.data_service - INFO - ⏳ Next collection in 47.7s...
2025-08-06 15:10:05,625 - services.data_service - INFO - 📊 Starting data collection cycle...
2025-08-06 15:10:21,747 - services.data_service - INFO - ✅ Collection successful: 5 candles collected
2025-08-06 15:10:21,747 - services.data_service - INFO -   📈 EURUSD OTC: up | O:1.15929 C:1.15962 | Change: +0.00033
2025-08-06 15:10:21,747 - services.data_service - INFO -   📈 GBPUSD OTC: up | O:1.33020 C:1.33051 | Change: +0.00031
2025-08-06 15:10:21,747 - services.data_service - INFO -   📈 USDJPY OTC: down | O:147.79600 C:147.78000 | Change: -0.01600
2025-08-06 15:10:21,747 - services.data_service - INFO -   📈 AUDUSD OTC: up | O:0.64934 C:0.64944 | Change: +0.00010
2025-08-06 15:10:21,747 - services.data_service - INFO -   📈 USDCAD OTC: down | O:1.37654 C:1.37633 | Change: -0.00021
2025-08-06 15:10:22,288 - services.data_service - INFO - 📊 Database: 293 total candles
2025-08-06 15:10:22,288 - services.data_service - INFO - ⏳ Next collection in 43.3s...
2025-08-06 15:10:49,063 - services.data_service - INFO - 🛑 Received signal 2. Initiating graceful shutdown...
2025-08-06 15:10:49,063 - services.data_service - INFO - 🛑 Received signal 2. Initiating graceful shutdown...
2025-08-06 15:10:52,294 - services.data_service - INFO - 🛑 Shutting down Continuous Data Service...
2025-08-06 15:10:54,220 - services.data_service - INFO - 📊 Service Statistics:
2025-08-06 15:10:54,220 - services.data_service - INFO -   🕐 Uptime: 0.07 hours
2025-08-06 15:10:54,221 - services.data_service - INFO -   📈 Collections: 5 total, 5 successful
2025-08-06 15:10:54,221 - services.data_service - INFO -   ✅ Success rate: 100.0%
2025-08-06 15:10:54,221 - services.data_service - INFO -   🔄 Reconnections: 0
2025-08-06 15:10:54,221 - services.data_service - INFO -   ⏰ Last collection: 0.5 minutes ago
2025-08-06 15:10:54,221 - services.data_service - INFO - ✅ Service shutdown complete
2025-08-06 15:11:02,540 - services.data_service - INFO - 🛑 Received signal 2. Initiating graceful shutdown...
2025-08-06 15:11:02,540 - services.data_service - INFO - 🛑 Received signal 2. Initiating graceful shutdown...
2025-08-06 15:12:56,510 - services.data_service - INFO - 🚀 Initializing Continuous Data Service...
2025-08-06 15:12:56,510 - services.data_service - INFO - 🔌 Connecting to MongoDB...
2025-08-06 15:12:59,918 - services.data_service - INFO - ✅ MongoDB connected successfully
2025-08-06 15:12:59,919 - services.data_service - INFO - 📊 Configured trading pairs: ['EURUSD', 'GBPUSD', 'USDJPY', 'AUDUSD', 'USDCAD']
2025-08-06 15:12:59,950 - services.data_service - INFO - 🔄 Starting continuous data collection...
2025-08-06 15:12:59,950 - services.data_service - INFO - 🔌 Connecting to PyQuotex (attempt 1/5)...
2025-08-06 15:13:05,195 - services.data_service - INFO - 🛑 Shutting down Continuous Data Service...
2025-08-06 15:13:05,529 - services.data_service - INFO - 📊 Service Statistics:
2025-08-06 15:13:05,529 - services.data_service - INFO -   🕐 Uptime: 0.00 hours
2025-08-06 15:13:05,529 - services.data_service - INFO -   📈 Collections: 0 total, 0 successful
2025-08-06 15:13:05,529 - services.data_service - INFO -   ✅ Success rate: 0.0%
2025-08-06 15:13:05,529 - services.data_service - INFO -   🔄 Reconnections: 0
2025-08-06 15:13:05,530 - services.data_service - INFO - ✅ Service shutdown complete
2025-08-06 15:14:05,710 - services.data_service - INFO - 🚀 Initializing Continuous Data Service...
2025-08-06 15:14:05,711 - services.data_service - INFO - 🔌 Connecting to MongoDB...
2025-08-06 15:14:09,270 - services.data_service - INFO - ✅ MongoDB connected successfully
2025-08-06 15:14:09,270 - services.data_service - INFO - 📊 Configured trading pairs: ['EURUSD', 'GBPUSD', 'USDJPY', 'AUDUSD', 'USDCAD']
2025-08-06 15:14:09,290 - services.data_service - INFO - 🔄 Starting continuous data collection...
2025-08-06 15:14:09,291 - services.data_service - INFO - 🔌 Connecting to PyQuotex (attempt 1/5)...
2025-08-06 15:14:14,093 - services.data_service - INFO - 🚀 Initializing Continuous Data Service...
2025-08-06 15:14:14,093 - services.data_service - INFO - 🔌 Connecting to MongoDB...
2025-08-06 15:14:21,180 - services.data_service - INFO - ✅ Connected to PyQuotex successfully
2025-08-06 15:14:21,180 - services.data_service - INFO - 📊 Starting data collection cycle...
2025-08-06 15:14:24,227 - services.data_service - INFO - ✅ MongoDB connected successfully
2025-08-06 15:14:24,227 - services.data_service - INFO - 📊 Configured trading pairs: ['EURUSD', 'GBPUSD', 'USDJPY', 'AUDUSD', 'USDCAD']
2025-08-06 15:14:24,227 - services.data_service - INFO - 📡 WebSocket broadcaster configured
2025-08-06 15:14:36,476 - services.data_service - INFO - ✅ Collection successful: 5 candles collected
2025-08-06 15:14:36,476 - services.data_service - INFO -   📈 EURUSD OTC: up | O:1.15968 C:1.16035 | Change: +0.00067
2025-08-06 15:14:36,476 - services.data_service - INFO -   📈 GBPUSD OTC: up | O:1.33035 C:1.33071 | Change: +0.00036
2025-08-06 15:14:36,477 - services.data_service - INFO -   📈 USDJPY OTC: down | O:147.77200 C:147.74800 | Change: -0.02400
2025-08-06 15:14:36,477 - services.data_service - INFO -   📈 AUDUSD OTC: up | O:0.64942 C:0.64955 | Change: +0.00013
2025-08-06 15:14:36,477 - services.data_service - INFO -   📈 USDCAD OTC: down | O:1.37635 C:1.37624 | Change: -0.00011
2025-08-06 15:14:37,507 - services.data_service - INFO - 📊 Database: 298 total candles
2025-08-06 15:14:37,507 - services.data_service - INFO - ⏳ Next collection in 43.7s...
2025-08-06 15:15:21,189 - services.data_service - INFO - 📊 Starting data collection cycle...
2025-08-06 15:15:34,103 - services.data_service - INFO - ✅ Collection successful: 5 candles collected
2025-08-06 15:15:34,103 - services.data_service - INFO -   📈 EURUSD OTC: down | O:1.16035 C:1.16031 | Change: -0.00004
2025-08-06 15:15:34,103 - services.data_service - INFO -   📈 GBPUSD OTC: up | O:1.33071 C:1.33079 | Change: +0.00008
2025-08-06 15:15:34,104 - services.data_service - INFO -   📈 USDJPY OTC: up | O:147.74800 C:147.75800 | Change: +0.01000
2025-08-06 15:15:34,104 - services.data_service - INFO -   📈 AUDUSD OTC: up | O:0.64955 C:0.64960 | Change: +0.00005
2025-08-06 15:15:34,104 - services.data_service - INFO -   📈 USDCAD OTC: down | O:1.37624 C:1.37607 | Change: -0.00017
2025-08-06 15:15:34,622 - services.data_service - INFO - 📊 Database: 303 total candles
2025-08-06 15:15:34,623 - services.data_service - INFO - ⏳ Next collection in 46.6s...
2025-08-06 15:16:11,246 - services.data_service - INFO - 🛑 Received signal 2. Initiating graceful shutdown...
2025-08-06 15:16:11,246 - services.data_service - INFO - 🛑 Received signal 2. Initiating graceful shutdown...
2025-08-06 15:16:14,631 - services.data_service - INFO - 🛑 Shutting down Continuous Data Service...
2025-08-06 15:16:17,752 - services.data_service - INFO - 📊 Service Statistics:
2025-08-06 15:16:17,752 - services.data_service - INFO -   🕐 Uptime: 0.02 hours
2025-08-06 15:16:17,752 - services.data_service - INFO -   📈 Collections: 2 total, 2 successful
2025-08-06 15:16:17,752 - services.data_service - INFO -   ✅ Success rate: 100.0%
2025-08-06 15:16:17,752 - services.data_service - INFO -   🔄 Reconnections: 0
2025-08-06 15:16:17,752 - services.data_service - INFO -   ⏰ Last collection: 0.7 minutes ago
2025-08-06 15:16:17,752 - services.data_service - INFO - ✅ Service shutdown complete
2025-08-06 15:16:22,174 - services.data_service - INFO - 🛑 Received signal 2. Initiating graceful shutdown...
2025-08-06 15:16:22,174 - services.data_service - INFO - 🛑 Received signal 2. Initiating graceful shutdown...
2025-08-06 15:17:38,219 - services.data_service - INFO - 🚀 Initializing Continuous Data Service...
2025-08-06 15:17:38,219 - services.data_service - INFO - 🔌 Connecting to MongoDB...
2025-08-06 15:17:41,251 - services.data_service - INFO - ✅ MongoDB connected successfully
2025-08-06 15:17:41,251 - services.data_service - INFO - 📊 Configured trading pairs: ['EURUSD', 'GBPUSD', 'USDJPY', 'AUDUSD', 'USDCAD']
2025-08-06 15:17:41,270 - services.data_service - INFO - 🔄 Starting continuous data collection...
2025-08-06 15:17:41,271 - services.data_service - INFO - 🔌 Connecting to PyQuotex (attempt 1/5)...
2025-08-06 15:17:45,596 - services.data_service - INFO - 🚀 Initializing Continuous Data Service...
2025-08-06 15:17:45,597 - services.data_service - INFO - 🔌 Connecting to MongoDB...
2025-08-06 15:17:49,078 - services.data_service - INFO - ✅ Connected to PyQuotex successfully
2025-08-06 15:17:49,078 - services.data_service - INFO - 📊 Starting data collection cycle...
2025-08-06 15:17:49,768 - services.data_service - INFO - ✅ MongoDB connected successfully
2025-08-06 15:17:49,768 - services.data_service - INFO - 📊 Configured trading pairs: ['EURUSD', 'GBPUSD', 'USDJPY', 'AUDUSD', 'USDCAD']
2025-08-06 15:17:49,768 - services.data_service - INFO - 📡 WebSocket broadcaster configured
2025-08-06 15:17:56,807 - services.data_service - INFO - ✅ Collection successful: 5 candles collected
2025-08-06 15:17:56,808 - services.data_service - INFO -   📈 EURUSD OTC: down | O:1.16046 C:1.16044 | Change: -0.00002
2025-08-06 15:17:56,808 - services.data_service - INFO -   📈 GBPUSD OTC: down | O:1.33086 C:1.33074 | Change: -0.00012
2025-08-06 15:17:56,808 - services.data_service - INFO -   📈 USDJPY OTC: up | O:147.71700 C:147.73000 | Change: +0.01300
2025-08-06 15:17:56,808 - services.data_service - INFO -   📈 AUDUSD OTC: down | O:0.64959 C:0.64956 | Change: -0.00003
2025-08-06 15:17:56,808 - services.data_service - INFO -   📈 USDCAD OTC: up | O:1.37610 C:1.37613 | Change: +0.00003
2025-08-06 15:17:57,326 - services.data_service - INFO - 📊 Database: 308 total candles
2025-08-06 15:17:57,327 - services.data_service - INFO - ⏳ Next collection in 51.8s...
2025-08-06 15:18:49,091 - services.data_service - INFO - 📊 Starting data collection cycle...
2025-08-06 15:19:02,089 - services.data_service - INFO - ✅ Collection successful: 5 candles collected
2025-08-06 15:19:02,090 - services.data_service - INFO -   📈 EURUSD OTC: up | O:1.16044 C:1.16055 | Change: +0.00011
2025-08-06 15:19:02,090 - services.data_service - INFO -   📈 GBPUSD OTC: up | O:1.33074 C:1.33096 | Change: +0.00022
2025-08-06 15:19:02,090 - services.data_service - INFO -   📈 USDJPY OTC: down | O:147.73000 C:147.70400 | Change: -0.02600
2025-08-06 15:19:02,090 - services.data_service - INFO -   📈 AUDUSD OTC: up | O:0.64956 C:0.64972 | Change: +0.00016
2025-08-06 15:19:02,090 - services.data_service - INFO -   📈 USDCAD OTC: down | O:1.37613 C:1.37610 | Change: -0.00003
2025-08-06 15:19:03,044 - services.data_service - INFO - 📊 Database: 313 total candles
2025-08-06 15:19:03,044 - services.data_service - INFO - ⏳ Next collection in 46.0s...
2025-08-06 15:20:07,318 - services.data_service - INFO - 🚀 Initializing Continuous Data Service...
2025-08-06 15:20:07,318 - services.data_service - INFO - 🔌 Connecting to MongoDB...
2025-08-06 15:20:10,745 - services.data_service - INFO - ✅ MongoDB connected successfully
2025-08-06 15:20:10,745 - services.data_service - INFO - 📊 Configured trading pairs: ['EURUSD', 'GBPUSD', 'USDJPY', 'AUDUSD', 'USDCAD']
2025-08-06 15:20:10,745 - services.data_service - INFO - 📡 WebSocket broadcaster configured
2025-08-06 15:21:25,108 - services.data_service - INFO - 🛑 Received signal 15. Initiating graceful shutdown...
2025-08-06 15:21:43,040 - services.data_service - INFO - 🚀 Initializing Continuous Data Service...
2025-08-06 15:21:43,040 - services.data_service - INFO - 🔌 Connecting to MongoDB...
2025-08-06 15:21:46,265 - services.data_service - INFO - ✅ MongoDB connected successfully
2025-08-06 15:21:46,266 - services.data_service - INFO - 📊 Configured trading pairs: ['EURUSD', 'GBPUSD', 'USDJPY', 'AUDUSD', 'USDCAD']
2025-08-06 15:21:46,266 - services.data_service - INFO - 📡 WebSocket broadcaster configured
2025-08-06 15:23:36,305 - services.data_service - INFO - 🛑 Received signal 15. Initiating graceful shutdown...
2025-08-06 15:25:52,926 - services.data_service - INFO - 🚀 Initializing Continuous Data Service...
2025-08-06 15:25:52,927 - services.data_service - INFO - 🔌 Connecting to MongoDB...
2025-08-06 15:25:56,230 - services.data_service - INFO - ✅ MongoDB connected successfully
2025-08-06 15:25:56,230 - services.data_service - INFO - 📊 Configured trading pairs: ['EURUSD', 'GBPUSD', 'USDJPY', 'AUDUSD', 'USDCAD']
2025-08-06 15:25:56,230 - services.data_service - INFO - 📡 WebSocket broadcaster configured
2025-08-06 15:25:56,394 - services.data_service - INFO - 🛑 Shutting down Continuous Data Service...
2025-08-06 15:25:56,579 - services.data_service - INFO - 📊 Service Statistics:
2025-08-06 15:25:56,579 - services.data_service - INFO -   🕐 Uptime: 0.00 hours
2025-08-06 15:25:56,579 - services.data_service - INFO -   📈 Collections: 0 total, 0 successful
2025-08-06 15:25:56,580 - services.data_service - INFO -   ✅ Success rate: 0.0%
2025-08-06 15:25:56,580 - services.data_service - INFO -   🔄 Reconnections: 0
2025-08-06 15:25:56,580 - services.data_service - INFO - ✅ Service shutdown complete
2025-08-06 15:27:58,463 - services.data_service - INFO - 🚀 Initializing Continuous Data Service...
2025-08-06 15:27:58,464 - services.data_service - INFO - 🔌 Connecting to MongoDB...
2025-08-06 15:28:01,827 - services.data_service - INFO - ✅ MongoDB connected successfully
2025-08-06 15:28:01,827 - services.data_service - INFO - 📊 Configured trading pairs: ['EURUSD', 'GBPUSD', 'USDJPY', 'AUDUSD', 'USDCAD']
2025-08-06 15:28:01,827 - services.data_service - INFO - 📡 WebSocket broadcaster configured
2025-08-06 15:28:59,976 - services.data_service - INFO - 🛑 Received signal 15. Initiating graceful shutdown...
2025-08-06 15:30:19,036 - services.data_service - INFO - 🚀 Initializing Continuous Data Service...
2025-08-06 15:30:19,038 - services.data_service - INFO - 🔌 Connecting to MongoDB...
2025-08-06 15:30:22,183 - services.data_service - INFO - ✅ MongoDB connected successfully
2025-08-06 15:30:22,183 - services.data_service - INFO - 📊 Configured trading pairs: ['EURUSD', 'GBPUSD', 'USDJPY', 'AUDUSD', 'USDCAD']
2025-08-06 15:30:22,183 - services.data_service - INFO - 📡 WebSocket broadcaster configured
2025-08-06 16:34:31,824 - services.data_service - INFO - 🛑 Received signal 2. Initiating graceful shutdown...
2025-08-06 16:34:32,815 - services.data_service - INFO - 🛑 Received signal 15. Initiating graceful shutdown...
